# --> Including file '/afs/cern.ch/user/m/marcocle/scratch0/workspace/Gaudi/GaudiExamples/options/DataOnDemand.py'
# <-- End of file '/afs/cern.ch/user/m/marcocle/scratch0/workspace/Gaudi/GaudiExamples/options/DataOnDemand.py'
# --> Including file '/afs/cern.ch/user/m/marcocle/scratch0/workspace/Gaudi/GaudiExamples/tests/qmtest/gaudiexamples.dataondemand.dynamic.launch.py'
# <-- End of file '/afs/cern.ch/user/m/marcocle/scratch0/workspace/Gaudi/GaudiExamples/tests/qmtest/gaudiexamples.dataondemand.dynamic.launch.py'
# applying configuration of GaudiExamplesCommonConf
# /***** User GaudiExamplesCommonConf/GaudiExamplesCommonConf ****************************************
# |-OutputLevel = 3
# \----- (End of User GaudiExamplesCommonConf/GaudiExamplesCommonConf) -------------------------------
ApplicationMgr    SUCCESS
====================================================================================================================================
                                                   Welcome to ApplicationMgr(GaudiCoreSvc v1r0)
                                          running on lxplus416.cern.ch on Mon Jan 16 16:27:07 2012
====================================================================================================================================
ApplicationMgr       INFO Application Manager Configured successfully
StatusCodeSvc        INFO initialize
MyDataAlgorithm      INFO initializing....
MyDataAlgorithm      INFO ....initialization done
EventLoopMgr      WARNING Unable to locate service "EventSelector"
EventLoopMgr      WARNING No events will be processed from external input.
HistogramPersis...WARNING Histograms saving not required.
ApplicationMgr       INFO Application Manager Initialized successfully
ApplicationMgr       INFO Application Manager Started successfully
MyDataAlgorithm      INFO executing....
MuonDigits           INFO initializing....
MuonDigits           INFO executing....
MuonFoos             INFO initializing....
MuonFoos             INFO executing....
MyDataAlgorithm      INFO ....execution done
MyDataAlgorithm      INFO executing....
MuonDigits           INFO executing....
MuonFoos             INFO executing....
MyDataAlgorithm      INFO ....execution done
MyDataAlgorithm      INFO executing....
MuonDigits           INFO executing....
MuonFoos             INFO executing....
MyDataAlgorithm      INFO ....execution done
MyDataAlgorithm      INFO executing....
MuonDigits           INFO executing....
MuonFoos             INFO executing....
MyDataAlgorithm      INFO ....execution done
MyDataAlgorithm      INFO executing....
MuonDigits           INFO executing....
MuonFoos             INFO executing....
MyDataAlgorithm      INFO ....execution done
MyDataAlgorithm      INFO executing....
MuonDigits           INFO executing....
MuonFoos             INFO executing....
MyDataAlgorithm      INFO ....execution done
MyDataAlgorithm      INFO executing....
MuonDigits           INFO executing....
MuonFoos             INFO executing....
MyDataAlgorithm      INFO ....execution done
MyDataAlgorithm      INFO executing....
MuonDigits           INFO executing....
MuonFoos             INFO executing....
MyDataAlgorithm      INFO ....execution done
MyDataAlgorithm      INFO executing....
MuonDigits           INFO executing....
MuonFoos             INFO executing....
MyDataAlgorithm      INFO ....execution done
MyDataAlgorithm      INFO executing....
MuonDigits           INFO executing....
MuonFoos             INFO executing....
MyDataAlgorithm      INFO ....execution done
ApplicationMgr       INFO Application Manager Stopped successfully
MuonDigits           INFO finalizing....
MuonFoos             INFO finalizing....
MyDataAlgorithm      INFO finalizing....
EventLoopMgr         INFO Histograms converted successfully according to request.
DataOnDemandSvc      INFO Handled "DataFault" incidents: 20/20/40(Alg/Node/Total).
ToolSvc              INFO Removing all tools created by ToolSvc
ApplicationMgr       INFO Application Manager Finalized successfully
ApplicationMgr       INFO Application Manager Terminated successfully
