# setting LC_ALL to "C"
# --> Including file '/tmp/tmp_CtVes.py'
# <-- End of file '/tmp/tmp_CtVes.py'
ApplicationMgr    SUCCESS
====================================================================================================================================
                                                   Welcome to ApplicationMgr (GaudiCoreSvc v29r0)
                                          running on pcatlasgraslanh on Thu Oct  5 15:28:50 2017
====================================================================================================================================
ApplicationMgr       INFO Application Manager Configured successfully
EventLoopMgr      WARNING Unable to locate service "EventSelector"
EventLoopMgr      WARNING No events will be processed from external input.
HistogramPersis...WARNING Histograms saving not required.
ApplicationMgr       INFO Application Manager Initialized successfully
ApplicationMgr       INFO Application Manager Started successfully
WriteHandleTestAlg   INFO Writing an int
WriteHandleTestAlg   INFO Writing a string
WriteHandleTestAlg   INFO Writing a DataObject by value
WriteHandleTestAlg   INFO Writing a DataObject by pointer
ReadHandleTestAlg    INFO Reading an int
ReadHandleTestAlg    INFO Reading a string
ReadHandleTestAlg    INFO Reading a DataObject that was inserted by value
ReadHandleTestAlg    INFO Reading a DataObject that was inserted by pointer
WriteHandleTestAlg   INFO Writing an int
WriteHandleTestAlg   INFO Writing a string
WriteHandleTestAlg   INFO Writing a DataObject by value
WriteHandleTestAlg   INFO Writing a DataObject by pointer
ReadHandleTestAlg    INFO Reading an int
ReadHandleTestAlg    INFO Reading a string
ReadHandleTestAlg    INFO Reading a DataObject that was inserted by value
ReadHandleTestAlg    INFO Reading a DataObject that was inserted by pointer
ApplicationMgr       INFO Application Manager Stopped successfully
EventLoopMgr         INFO Histograms converted successfully according to request.
ApplicationMgr       INFO Application Manager Finalized successfully
ApplicationMgr       INFO Application Manager Terminated successfully
