JobOptionsSvc        INFO # =======> /home/marcocle/stacks/master/Gaudi/GaudiExamples/options/Histograms.opts
JobOptionsSvc        INFO # (5,1): AuditorSvc.Auditors = ["ChronoAuditor"]
JobOptionsSvc        INFO # (9,1): MessageSvc.OutputLevel = 3
JobOptionsSvc        INFO # (20,1): ApplicationMgr.TopAlg += ["Gaudi::Examples::HistoProps/Histos2"]
JobOptionsSvc        INFO # (22,1): Histos2.Histo2 = ["Title", -5, 5, 200]
JobOptionsSvc        INFO # (23,1): Histos2.Histo2 = ["Title", -5, 5]
JobOptionsSvc        INFO # (24,1): Histos2.Histo2 = [-5, 5]
JobOptionsSvc        INFO # (25,1): Histos2.Histo2 = [-5, 5, "Title"]
JobOptionsSvc        INFO # (26,1): Histos2.Histo2 = [-5, 5, "Title", 200]
JobOptionsSvc        INFO # (27,1): Histos2.Histo2 = [-5, 5, 200, "Title"]
JobOptionsSvc        INFO # (28,1): Histos2.Histo2 = [-5, 5, 200]
JobOptionsSvc        INFO # (34,1): ApplicationMgr.EvtMax = 50000
JobOptionsSvc        INFO # (35,1): ApplicationMgr.EvtSel = "NONE"
JobOptionsSvc        INFO # (40,1): ApplicationMgr.HistogramPersistency = "ROOT"
JobOptionsSvc        INFO # (41,1): ApplicationMgr.ExtSvc = ["Gaudi::Monitoring::MessageSvcSink"]
JobOptionsSvc        INFO # (42,1): RootHistSvc.OutputFile = "histo-opts.root"
JobOptionsSvc        INFO # (52,1): HistogramDataSvc.OutputLevel = 2
JobOptionsSvc        INFO Job options successfully read in from /home/marcocle/stacks/master/Gaudi/GaudiExamples/options/Histograms.opts
ApplicationMgr    SUCCESS
====================================================================================================================================
                                                   Welcome to ApplicationMgr (GaudiCoreSvc v36r12)
                                          running on lbbuildinter01.cern.ch on Thu Apr 20 15:12:37 2023
====================================================================================================================================
ApplicationMgr       INFO Application Manager Configured successfully
EventLoopMgr      WARNING Unable to locate service "EventSelector"
EventLoopMgr      WARNING No events will be processed from external input.
HistogramDataSvc    DEBUG Property update for OutputLevel : new value = 2
HistogramDataSvc    DEBUG Service base class initialized successfully
RootHistSvc          INFO Writing ROOT histograms to: histo-opts.root
HistogramPersis...   INFO Added successfully Conversion service:RootHistSvc
ApplicationMgr       INFO Application Manager Initialized successfully
ApplicationMgr       INFO Application Manager Started successfully
RndmGenSvc.Engine    INFO Generator engine type:CLHEP::RanluxEngine
RndmGenSvc.Engine    INFO Current Seed:1234567 Luxury:3
RndmGenSvc           INFO Using Random engine:HepRndm::Engine<CLHEP::RanluxEngine>
ApplicationMgr       INFO Application Manager Stopped successfully
Histos2           SUCCESS Histograms report
 | name                      | title                     | entries |
 | Histo1                    | Histogram1                |   50000 |
 | Histo2                    |                           |   50000 |
EventLoopMgr         INFO Histograms converted successfully according to request.
ApplicationMgr       INFO Application Manager Finalized successfully
ApplicationMgr       INFO Application Manager Terminated successfully
