************************************************************************************************************************

Simple example to illustrate the problem for task #13911
https://savannah.cern.ch/task/?13911

 Author  : Vanya BELYAEV Ivan.Belyaev@itep.ru
 Version : CVS tag $Name:$, version $Revision:$
 Date    : 2010-04-24
************************************************************************************************************************
ApplicationMgr    SUCCESS
====================================================================================================================================
                                                   Welcome to ApplicationMgr $Revision: 1.77 $
                                          running on pclhcb55 on Thu May 27 11:46:23 2010
====================================================================================================================================
ApplicationMgr       INFO Application Manager Configured successfully
StatusCodeSvc        INFO initialize
DetectorDataSvc      INFO Detector description not requested to be loaded
HelloWorld           INFO initializing....
MySequencer          INFO Member list: HelloWorld/Hello1, HelloWorld/Hello2, HelloWorld/Hello3, GaudiPython::PyAlg<GaudiAlgorithm>/Simple2
RndmGenSvc.Engine    INFO Generator engine type:CLHEP::RanluxEngine
RndmGenSvc.Engine    INFO Current Seed:1234567 Luxury:3
RndmGenSvc           INFO Using Random engine:HepRndm::Engine<CLHEP::RanluxEngine>
ToolSvc.Sequenc...   INFO This machine has a speed about   1.02 times the speed of a 2.8 GHz Xeon.
Hello1               INFO initializing....
Hello2               INFO initializing....
Hello3               INFO initializing....
EventLoopMgr      WARNING Unable to locate service "EventSelector"
EventLoopMgr      WARNING No events will be processed from external input.
HistogramPersis...WARNING Histograms saving not required.
ApplicationMgr       INFO Application Manager Initialized successfully
ApplicationMgr       INFO Application Manager Started successfully
HelloWorld           INFO beginning new run....
Hello1               INFO beginning new run....
Hello2               INFO beginning new run....
Hello3               INFO beginning new run....
I am SimpleAlgo.execute!   Simple1
HelloWorld           INFO executing....
Hello1               INFO executing....
Hello2               INFO executing....
Hello3               INFO executing....
I am SimpleAlgo.execute!   Simple2
I am SimpleAlgo.execute!   Simple1
HelloWorld           INFO executing....
Hello1               INFO executing....
Hello2               INFO executing....
Hello3               INFO executing....
I am SimpleAlgo.execute!   Simple2
I am SimpleAlgo.execute!   Simple1
HelloWorld           INFO executing....
Hello1               INFO executing....
Hello2               INFO executing....
Hello3               INFO executing....
I am SimpleAlgo.execute!   Simple2
I am SimpleAlgo.execute!   Simple1
HelloWorld           INFO executing....
Hello1               INFO executing....
Hello2               INFO executing....
Hello3               INFO executing....
I am SimpleAlgo.execute!   Simple2
HelloWorld           INFO ending new run....
Hello1               INFO ending new run....
Hello2               INFO ending new run....
Hello3               INFO ending new run....
Hello4               INFO initializing....
MySequencer          INFO Member list: HelloWorld/Hello1, HelloWorld/Hello2, HelloWorld/Hello3, GaudiPython::PyAlg<GaudiAlgorithm>/Simple2, HelloWorld/Hello4
HelloWorld           INFO beginning new run....
Hello1               INFO beginning new run....
Hello2               INFO beginning new run....
Hello3               INFO beginning new run....
Hello1               INFO beginning new run....
Hello2               INFO beginning new run....
Hello3               INFO beginning new run....
Hello4               INFO beginning new run....
I am SimpleAlgo.execute!   Simple1
HelloWorld           INFO executing....
Hello1               INFO executing....
Hello2               INFO executing....
Hello3               INFO executing....
I am SimpleAlgo.execute!   Simple2
Hello4               INFO executing....
I am SimpleAlgo.execute!   Simple1
HelloWorld           INFO executing....
Hello1               INFO executing....
Hello2               INFO executing....
Hello3               INFO executing....
I am SimpleAlgo.execute!   Simple2
Hello4               INFO executing....
I am SimpleAlgo.execute!   Simple1
HelloWorld           INFO executing....
Hello1               INFO executing....
Hello2               INFO executing....
Hello3               INFO executing....
I am SimpleAlgo.execute!   Simple2
Hello4               INFO executing....
I am SimpleAlgo.execute!   Simple1
HelloWorld           INFO executing....
Hello1               INFO executing....
Hello2               INFO executing....
Hello3               INFO executing....
I am SimpleAlgo.execute!   Simple2
Hello4               INFO executing....
I am SimpleAlgo.execute!   Simple1
HelloWorld           INFO executing....
Hello1               INFO executing....
Hello2               INFO executing....
Hello3               INFO executing....
I am SimpleAlgo.execute!   Simple2
Hello4               INFO executing....
I am SimpleAlgo.execute!   Simple1
HelloWorld           INFO executing....
Hello1               INFO executing....
Hello2               INFO executing....
Hello3               INFO executing....
I am SimpleAlgo.execute!   Simple2
Hello4               INFO executing....
I am SimpleAlgo.execute!   Simple1
HelloWorld           INFO executing....
Hello1               INFO executing....
Hello2               INFO executing....
Hello3               INFO executing....
I am SimpleAlgo.execute!   Simple2
Hello4               INFO executing....
I am SimpleAlgo.execute!   Simple1
HelloWorld           INFO executing....
Hello1               INFO executing....
Hello2               INFO executing....
Hello3               INFO executing....
I am SimpleAlgo.execute!   Simple2
Hello4               INFO executing....
HelloWorld           INFO ending new run....
Hello1               INFO ending new run....
Hello2               INFO ending new run....
Hello3               INFO ending new run....
Hello1               INFO ending new run....
Hello2               INFO ending new run....
Hello3               INFO ending new run....
Hello4               INFO ending new run....
MySequencer          INFO Member list: HelloWorld/Hello1, HelloWorld/Hello2, HelloWorld/Hello3, GaudiPython::PyAlg<GaudiAlgorithm>/Simple2, HelloWorld/Hello4, GaudiPython::PyAlg<GaudiAlgorithm>/Simple3
HelloWorld           INFO beginning new run....
Hello1               INFO beginning new run....
Hello2               INFO beginning new run....
Hello3               INFO beginning new run....
Hello1               INFO beginning new run....
Hello2               INFO beginning new run....
Hello3               INFO beginning new run....
Hello4               INFO beginning new run....
Hello1               INFO beginning new run....
Hello2               INFO beginning new run....
Hello3               INFO beginning new run....
Hello4               INFO beginning new run....
I am SimpleAlgo.execute!   Simple1
HelloWorld           INFO executing....
Hello1               INFO executing....
Hello2               INFO executing....
Hello3               INFO executing....
I am SimpleAlgo.execute!   Simple2
Hello4               INFO executing....
I am SimpleAlgo.execute!   Simple3
I am SimpleAlgo.execute!   Simple1
HelloWorld           INFO executing....
Hello1               INFO executing....
Hello2               INFO executing....
Hello3               INFO executing....
I am SimpleAlgo.execute!   Simple2
Hello4               INFO executing....
I am SimpleAlgo.execute!   Simple3
I am SimpleAlgo.execute!   Simple1
HelloWorld           INFO executing....
Hello1               INFO executing....
Hello2               INFO executing....
Hello3               INFO executing....
I am SimpleAlgo.execute!   Simple2
Hello4               INFO executing....
I am SimpleAlgo.execute!   Simple3
HelloWorld           INFO ending new run....
Hello1               INFO ending new run....
Hello2               INFO ending new run....
Hello3               INFO ending new run....
Hello1               INFO ending new run....
Hello2               INFO ending new run....
Hello3               INFO ending new run....
Hello4               INFO ending new run....
Hello1               INFO ending new run....
Hello2               INFO ending new run....
Hello3               INFO ending new run....
Hello4               INFO ending new run....
ApplicationMgr       INFO Application Manager Stopped successfully
HelloWorld           INFO finalizing....
Hello1               INFO finalizing....
Hello2               INFO finalizing....
Hello3               INFO finalizing....
Hello4               INFO finalizing....
EventLoopMgr         INFO Histograms converted successfully according to request.
ToolSvc              INFO Removing all tools created by ToolSvc
ToolSvc.Sequenc...   INFO ------------------------------------------------------------------------------------------------
ToolSvc.Sequenc...   INFO This machine has a speed about   1.02 times the speed of a 2.8 GHz Xeon.
ToolSvc.Sequenc...   INFO Algorithm          (millisec) |    <user> |   <clock> |      min       max | entries | total (s) |
ToolSvc.Sequenc...   INFO ------------------------------------------------------------------------------------------------
ToolSvc.Sequenc...   INFO MySequencer                   |     0.250 |     0.158 |    0.143       0.2 |       4 |     0.001 |
ToolSvc.Sequenc...   INFO   Hello1                      |     0.000 |     0.033 |    0.032       0.0 |       4 |     0.000 |
ToolSvc.Sequenc...   INFO   Hello2                      |     0.000 |     0.034 |    0.033       0.0 |       4 |     0.000 |
ToolSvc.Sequenc...   INFO   Hello3                      |     0.000 |     0.043 |    0.033       0.1 |       4 |     0.000 |
ToolSvc.Sequenc...   INFO   Simple2                     |     0.000 |     0.041 |    0.038       0.0 |       4 |     0.000 |
ToolSvc.Sequenc...   INFO MySequencer                   |     0.125 |     0.176 |    0.172       0.2 |       8 |     0.001 |
ToolSvc.Sequenc...   INFO   Hello1                      |     0.000 |     0.033 |    0.032       0.0 |       8 |     0.000 |
ToolSvc.Sequenc...   INFO   Hello2                      |     0.125 |     0.034 |    0.032       0.0 |       8 |     0.000 |
ToolSvc.Sequenc...   INFO   Hello3                      |     0.000 |     0.033 |    0.032       0.0 |       8 |     0.000 |
ToolSvc.Sequenc...   INFO   Simple2                     |     0.000 |     0.041 |    0.038       0.0 |       8 |     0.000 |
ToolSvc.Sequenc...   INFO   Hello4                      |     0.000 |     0.029 |    0.029       0.0 |       8 |     0.000 |
ToolSvc.Sequenc...   INFO MySequencer                   |     0.333 |     0.222 |    0.218       0.2 |       3 |     0.001 |
ToolSvc.Sequenc...   INFO   Hello1                      |     0.000 |     0.034 |    0.033       0.0 |       3 |     0.000 |
ToolSvc.Sequenc...   INFO   Hello2                      |     0.333 |     0.035 |    0.033       0.0 |       3 |     0.000 |
ToolSvc.Sequenc...   INFO   Hello3                      |     0.000 |     0.033 |    0.032       0.0 |       3 |     0.000 |
ToolSvc.Sequenc...   INFO   Simple2                     |     0.000 |     0.041 |    0.039       0.0 |       3 |     0.000 |
ToolSvc.Sequenc...   INFO   Hello4                      |     0.000 |     0.029 |    0.028       0.0 |       3 |     0.000 |
ToolSvc.Sequenc...   INFO   Simple3                     |     0.000 |     0.043 |    0.043       0.0 |       3 |     0.000 |
ToolSvc.Sequenc...   INFO ------------------------------------------------------------------------------------------------
ApplicationMgr       INFO Application Manager Finalized successfully
ApplicationMgr       INFO Application Manager Terminated successfully
