# setting LC_ALL to "C"
************************************************************************************************************************

Simple example to illustrate the problem for task #13911
https://savannah.cern.ch/task/?13911

 Author  : Vanya BELYAEV Ivan.Belyaev@itep.ru
 Version : CVS tag $Name:$, version $Revision:$
 Date    : 2010-04-24
************************************************************************************************************************
ApplicationMgr    SUCCESS
====================================================================================================================================
                                                   Welcome to ApplicationMgr (GaudiCoreSvc v30r0)
                                          running on zeus on Mon Dec 18 14:44:15 2017
====================================================================================================================================
ApplicationMgr       INFO Application Manager Configured successfully
StatusCodeSvc        INFO initialize
DetectorDataSvc      INFO Detector description not requested to be loaded
HelloWorld           INFO initializing....
MySequencer          INFO Member list: HelloWorld/Hello1, HelloWorld/Hello2, HelloWorld/Hello3, GaudiPython::PyAlg<GaudiAlgorithm>/Simple2
RndmGenSvc.Engine    INFO Generator engine type:CLHEP::RanluxEngine
RndmGenSvc.Engine    INFO Current Seed:1234567 Luxury:3
RndmGenSvc           INFO Using Random engine:HepRndm::Engine<CLHEP::RanluxEngine>
ToolSvc.Sequenc...   INFO This machine has a speed about   2.17 times the speed of a 2.8 GHz Xeon.
Hello1               INFO initializing....
Hello2               INFO initializing....
Hello3               INFO initializing....
EventLoopMgr      WARNING Unable to locate service "EventSelector"
EventLoopMgr      WARNING No events will be processed from external input.
HistogramPersis...WARNING Histograms saving not required.
ApplicationMgr       INFO Application Manager Initialized successfully
ApplicationMgr       INFO Application Manager Started successfully
I am SimpleAlgo.execute!   Simple1
HelloWorld           INFO executing....
Hello1               INFO executing....
Hello2               INFO executing....
Hello3               INFO executing....
I am SimpleAlgo.execute!   Simple2
I am SimpleAlgo.execute!   Simple1
HelloWorld           INFO executing....
Hello1               INFO executing....
Hello2               INFO executing....
Hello3               INFO executing....
I am SimpleAlgo.execute!   Simple2
I am SimpleAlgo.execute!   Simple1
HelloWorld           INFO executing....
Hello1               INFO executing....
Hello2               INFO executing....
Hello3               INFO executing....
I am SimpleAlgo.execute!   Simple2
I am SimpleAlgo.execute!   Simple1
HelloWorld           INFO executing....
Hello1               INFO executing....
Hello2               INFO executing....
Hello3               INFO executing....
I am SimpleAlgo.execute!   Simple2
Hello4               INFO initializing....
MySequencer          INFO Member list: HelloWorld/Hello1, HelloWorld/Hello2, HelloWorld/Hello3, GaudiPython::PyAlg<GaudiAlgorithm>/Simple2, HelloWorld/Hello4
I am SimpleAlgo.execute!   Simple1
HelloWorld           INFO executing....
Hello1               INFO executing....
Hello2               INFO executing....
Hello3               INFO executing....
I am SimpleAlgo.execute!   Simple2
Hello4               INFO executing....
I am SimpleAlgo.execute!   Simple1
HelloWorld           INFO executing....
Hello1               INFO executing....
Hello2               INFO executing....
Hello3               INFO executing....
I am SimpleAlgo.execute!   Simple2
Hello4               INFO executing....
I am SimpleAlgo.execute!   Simple1
HelloWorld           INFO executing....
Hello1               INFO executing....
Hello2               INFO executing....
Hello3               INFO executing....
I am SimpleAlgo.execute!   Simple2
Hello4               INFO executing....
I am SimpleAlgo.execute!   Simple1
HelloWorld           INFO executing....
Hello1               INFO executing....
Hello2               INFO executing....
Hello3               INFO executing....
I am SimpleAlgo.execute!   Simple2
Hello4               INFO executing....
I am SimpleAlgo.execute!   Simple1
HelloWorld           INFO executing....
Hello1               INFO executing....
Hello2               INFO executing....
Hello3               INFO executing....
I am SimpleAlgo.execute!   Simple2
Hello4               INFO executing....
I am SimpleAlgo.execute!   Simple1
HelloWorld           INFO executing....
Hello1               INFO executing....
Hello2               INFO executing....
Hello3               INFO executing....
I am SimpleAlgo.execute!   Simple2
Hello4               INFO executing....
I am SimpleAlgo.execute!   Simple1
HelloWorld           INFO executing....
Hello1               INFO executing....
Hello2               INFO executing....
Hello3               INFO executing....
I am SimpleAlgo.execute!   Simple2
Hello4               INFO executing....
I am SimpleAlgo.execute!   Simple1
HelloWorld           INFO executing....
Hello1               INFO executing....
Hello2               INFO executing....
Hello3               INFO executing....
I am SimpleAlgo.execute!   Simple2
Hello4               INFO executing....
MySequencer          INFO Member list: HelloWorld/Hello1, HelloWorld/Hello2, HelloWorld/Hello3, GaudiPython::PyAlg<GaudiAlgorithm>/Simple2, HelloWorld/Hello4, GaudiPython::PyAlg<GaudiAlgorithm>/Simple3
I am SimpleAlgo.execute!   Simple1
HelloWorld           INFO executing....
Hello1               INFO executing....
Hello2               INFO executing....
Hello3               INFO executing....
I am SimpleAlgo.execute!   Simple2
Hello4               INFO executing....
I am SimpleAlgo.execute!   Simple3
I am SimpleAlgo.execute!   Simple1
HelloWorld           INFO executing....
Hello1               INFO executing....
Hello2               INFO executing....
Hello3               INFO executing....
I am SimpleAlgo.execute!   Simple2
Hello4               INFO executing....
I am SimpleAlgo.execute!   Simple3
I am SimpleAlgo.execute!   Simple1
HelloWorld           INFO executing....
Hello1               INFO executing....
Hello2               INFO executing....
Hello3               INFO executing....
I am SimpleAlgo.execute!   Simple2
Hello4               INFO executing....
I am SimpleAlgo.execute!   Simple3
ApplicationMgr       INFO Application Manager Stopped successfully
HelloWorld           INFO finalizing....
Hello1               INFO finalizing....
Hello2               INFO finalizing....
Hello3               INFO finalizing....
Hello4               INFO finalizing....
EventLoopMgr         INFO Histograms converted successfully according to request.
ToolSvc              INFO Removing all tools created by ToolSvc
ToolSvc.Sequenc...   INFO --------------------------------------------------------------------------------------------------
ToolSvc.Sequenc...   INFO This machine has a speed about   2.17 times the speed of a 2.8 GHz Xeon.
ToolSvc.Sequenc...   INFO Algorithm          (millisec) |    <user> |   <clock> |      min       max    sigma | entries | total (s) |
ToolSvc.Sequenc...   INFO --------------------------------------------------------------------------------------------------
ToolSvc.Sequenc...   INFO MySequencer                   |     0.000 |     0.109 |    0.098       0.1     0.02 |       4 |     0.000 |
ToolSvc.Sequenc...   INFO   Hello1                      |     0.000 |     0.027 |    0.024       0.0     0.01 |       4 |     0.000 |
ToolSvc.Sequenc...   INFO   Hello2                      |     0.000 |     0.023 |    0.022       0.0     0.00 |       4 |     0.000 |
ToolSvc.Sequenc...   INFO   Hello3                      |     0.000 |     0.026 |    0.022       0.0     0.01 |       4 |     0.000 |
ToolSvc.Sequenc...   INFO   Simple2                     |     0.000 |     0.026 |    0.023       0.0     0.01 |       4 |     0.000 |
ToolSvc.Sequenc...   INFO MySequencer                   |     1.250 |     0.129 |    0.117       0.1     0.01 |       8 |     0.001 |
ToolSvc.Sequenc...   INFO   Hello1                      |     0.000 |     0.024 |    0.022       0.0     0.00 |       8 |     0.000 |
ToolSvc.Sequenc...   INFO   Hello2                      |     0.000 |     0.022 |    0.020       0.0     0.00 |       8 |     0.000 |
ToolSvc.Sequenc...   INFO   Hello3                      |     0.000 |     0.022 |    0.020       0.0     0.00 |       8 |     0.000 |
ToolSvc.Sequenc...   INFO   Simple2                     |     1.250 |     0.022 |    0.021       0.0     0.00 |       8 |     0.000 |
ToolSvc.Sequenc...   INFO   Hello4                      |     0.000 |     0.029 |    0.026       0.0     0.00 |       8 |     0.000 |
ToolSvc.Sequenc...   INFO MySequencer                   |     0.000 |     0.157 |    0.148       0.2     0.02 |       3 |     0.000 |
ToolSvc.Sequenc...   INFO   Hello1                      |     0.000 |     0.028 |    0.025       0.0     0.01 |       3 |     0.000 |
ToolSvc.Sequenc...   INFO   Hello2                      |     0.000 |     0.025 |    0.022       0.0     0.00 |       3 |     0.000 |
ToolSvc.Sequenc...   INFO   Hello3                      |     0.000 |     0.023 |    0.021       0.0     0.00 |       3 |     0.000 |
ToolSvc.Sequenc...   INFO   Simple2                     |     0.000 |     0.023 |    0.022       0.0     0.00 |       3 |     0.000 |
ToolSvc.Sequenc...   INFO   Hello4                      |     0.000 |     0.028 |    0.027       0.0     0.00 |       3 |     0.000 |
ToolSvc.Sequenc...   INFO   Simple3                     |     0.000 |     0.021 |    0.021       0.0     0.00 |       3 |     0.000 |
ToolSvc.Sequenc...   INFO --------------------------------------------------------------------------------------------------
ApplicationMgr       INFO Application Manager Finalized successfully
ApplicationMgr       INFO Application Manager Terminated successfully
