# Restarting with LD_PRELOAD='libprofiler.so'
# WARNING: Ignoring preload of library libprofiler.so because it is already in LD_PRELOAD.
# --> Including file '/afs/cern.ch/user/m/marcocle/scratch0/workspace/Gaudi/GaudiExamples/tests/qmtest/gaudiexamples.google_auditors.cpuprofiler.launch.py'
# <-- End of file '/afs/cern.ch/user/m/marcocle/scratch0/workspace/Gaudi/GaudiExamples/tests/qmtest/gaudiexamples.google_auditors.cpuprofiler.launch.py'
# applying configuration of GaudiExamplesCommonConf
# /***** User GaudiExamplesCommonConf/GaudiExamplesCommonConf ****************************************
# |-OutputLevel = 3
# \----- (End of User GaudiExamplesCommonConf/GaudiExamplesCommonConf) -------------------------------
# Dumping all configurables and properties (different from default)
{'ApplicationMgr': {'AuditAlgorithms': True,
                    'EvtMax': 10,
                    'EvtSel': 'NONE',
                    'StatusCodeCheck': True,
                    'TopAlg': ['HelloWorld/HelloWorld']},
 'AuditorSvc': {'Auditors': ['Google::CPUProfiler/Google::CPUProfiler',
                             'ChronoAuditor/ChronoAuditor']},
 'Google::CPUProfiler': {'OutputLevel': 3},
 'MessageSvc': {'OutputLevel': 3}}
ApplicationMgr    SUCCESS
====================================================================================================================================
                                                   Welcome to ApplicationMgr (GaudiCoreSvc v1r0)
                                          running on lxplus437.cern.ch on Wed Feb 22 16:35:02 2012
====================================================================================================================================
ApplicationMgr       INFO Application Manager Configured successfully
StatusCodeSvc        INFO initialize
Google::CPUProf...   INFO Initialised
ChronoStatSvc        INFO  Number of skipped events for MemStat-1
HelloWorld           INFO initializing....
EventLoopMgr      WARNING Unable to locate service "EventSelector"
EventLoopMgr      WARNING No events will be processed from external input.
HistogramPersis...WARNING Histograms saving not required.
ApplicationMgr       INFO Application Manager Initialized successfully
ApplicationMgr       INFO Application Manager Started successfully
HelloWorld           INFO beginning new run....
Google::CPUProf...   INFO Starting Auditor for HelloWorld
HelloWorld           INFO executing....
Google::CPUProf...   INFO Starting Auditor for HelloWorld
HelloWorld           INFO executing....
Google::CPUProf...   INFO Starting Auditor for HelloWorld
HelloWorld           INFO executing....
Google::CPUProf...   INFO Starting Auditor for HelloWorld
HelloWorld           INFO executing....
Google::CPUProf...   INFO Starting Auditor for HelloWorld
HelloWorld           INFO executing....
Google::CPUProf...   INFO Starting Auditor for HelloWorld
HelloWorld           INFO executing....
Google::CPUProf...   INFO Starting Auditor for HelloWorld
HelloWorld           INFO executing....
Google::CPUProf...   INFO Starting Auditor for HelloWorld
HelloWorld           INFO executing....
Google::CPUProf...   INFO Starting Auditor for HelloWorld
HelloWorld           INFO executing....
Google::CPUProf...   INFO Starting Auditor for HelloWorld
HelloWorld           INFO executing....
Google::CPUProf...   INFO Starting Auditor for HelloWorld
HelloWorld           INFO ending new run....
Google::CPUProf...   INFO Starting Auditor for HelloWorld
ApplicationMgr       INFO Application Manager Stopped successfully
Google::CPUProf...   INFO Starting Auditor for HelloWorld
HelloWorld           INFO finalizing....
EventLoopMgr         INFO Histograms converted successfully according to request.
*****Chrono*****     INFO ****************************************************************************************************
*****Chrono*****     INFO  The Final CPU consumption ( Chrono ) Table (ordered)
*****Chrono*****     INFO ****************************************************************************************************
HelloWorld:Start     INFO Time User   : Tot=    0 [us]                                             #=  1
HelloWorld:Begi...   INFO Time User   : Tot=    0 [us]                                             #=  1
HelloWorld:Init...   INFO Time User   : Tot=    0 [us]                                             #=  1
HelloWorld:Fina...   INFO Time User   : Tot=0.999 [ms]                                             #=  1
HelloWorld:Stop      INFO Time User   : Tot=    1 [ms]                                             #=  1
HelloWorld:EndRun    INFO Time User   : Tot=    1 [ms]                                             #=  1
HelloWorld:Execute   INFO Time User   : Tot=    7 [ms] Ave/Min/Max=  0.7(+- 0.64)/    0/    2 [ms] #= 10
ChronoStatSvc        INFO Time User   : Tot=   20 [ms]                                             #=  1
*****Chrono*****     INFO ****************************************************************************************************
ChronoStatSvc.f...   INFO  Service finalized successfully
ApplicationMgr       INFO Application Manager Finalized successfully
ApplicationMgr       INFO Application Manager Terminated successfully
