WARNING: Perftools heap leak checker is active -- Performance may suffer
Turning perftools heap leak checking off
Turning perftools heap leak checking off
Turning perftools heap leak checking off
Turning perftools heap leak checking off
WARNING: Perftools heap leak checker is active -- Performance may suffer
WARNING: Perftools heap leak checker is active -- Performance may suffer
Turning perftools heap leak checking off
WARNING: Perftools heap leak checker is active -- Performance may suffer
WARNING: Perftools heap leak checker is active -- Performance may suffer
WARNING: Perftools heap leak checker is active -- Performance may suffer
WARNING: Perftools heap leak checker is active -- Performance may suffer
Turning perftools heap leak checking off
Turning perftools heap leak checking off
Turning perftools heap leak checking off
WARNING: Perftools heap leak checker is active -- Performance may suffer
No leaks found for check "HelloWorld-Initialize" (but no 100% guarantee that there aren't any): found 329167 reachable heap objects of 180567764 bytes
No leaks found for check "HelloWorld-BeginRun" (but no 100% guarantee that there aren't any): found 329573 reachable heap objects of 180600513 bytes
No leaks found for check "HelloWorld-Execute-Event1" (but no 100% guarantee that there aren't any): found 329581 reachable heap objects of 180601063 bytes
No leaks found for check "HelloWorld-Execute-Event2" (but no 100% guarantee that there aren't any): found 329581 reachable heap objects of 180601063 bytes
No leaks found for check "HelloWorld-Execute-Event3" (but no 100% guarantee that there aren't any): found 329581 reachable heap objects of 180601063 bytes
No leaks found for check "HelloWorld-Execute-Event4" (but no 100% guarantee that there aren't any): found 329581 reachable heap objects of 180601063 bytes
No leaks found for check "HelloWorld-Execute-Event5" (but no 100% guarantee that there aren't any): found 329581 reachable heap objects of 180601063 bytes
No leaks found for check "HelloWorld-Execute-Event6" (but no 100% guarantee that there aren't any): found 329581 reachable heap objects of 180601063 bytes
No leaks found for check "HelloWorld-Execute-Event7" (but no 100% guarantee that there aren't any): found 329581 reachable heap objects of 180601063 bytes
No leaks found for check "HelloWorld-Execute-Event8" (but no 100% guarantee that there aren't any): found 329581 reachable heap objects of 180601063 bytes
No leaks found for check "HelloWorld-Execute-Event9" (but no 100% guarantee that there aren't any): found 329581 reachable heap objects of 180601063 bytes
No leaks found for check "HelloWorld-Execute-Event10" (but no 100% guarantee that there aren't any): found 329581 reachable heap objects of 180601065 bytes
No leaks found for check "HelloWorld-EndRun" (but no 100% guarantee that there aren't any): found 329583 reachable heap objects of 180601331 bytes
No leaks found for check "HelloWorld-Finalize" (but no 100% guarantee that there aren't any): found 329812 reachable heap objects of 180639690 bytes
