Starting tracking the heap
Dumping heap profile to HelloWorld-Event1.0001.heap (HelloWorld-Event1)
Starting tracking the heap
Dumping heap profile to HelloWorld-Event2.0002.heap (HelloWorld-Event2)
Starting tracking the heap
Dumping heap profile to HelloWorld-Event3.0003.heap (HelloWorld-Event3)
Starting tracking the heap
Dumping heap profile to HelloWorld-Event4.0004.heap (HelloWorld-Event4)
Starting tracking the heap
Dumping heap profile to HelloWorld-Event5.0005.heap (HelloWorld-Event5)
Starting tracking the heap
Dumping heap profile to HelloWorld-Event6.0006.heap (HelloWorld-Event6)
Starting tracking the heap
Dumping heap profile to HelloWorld-Event7.0007.heap (HelloWorld-Event7)
Starting tracking the heap
Dumping heap profile to HelloWorld-Event8.0008.heap (HelloWorld-Event8)
Starting tracking the heap
Dumping heap profile to HelloWorld-Event9.0009.heap (HelloWorld-Event9)
Starting tracking the heap
Dumping heap profile to HelloWorld-Event10.0010.heap (HelloWorld-Event10)
Starting tracking the heap
Dumping heap profile to HelloWorld-Event10.0011.heap (HelloWorld-Event10)
Starting tracking the heap
Dumping heap profile to HelloWorld-Event10.0012.heap (HelloWorld-Event10)
Starting tracking the heap
Dumping heap profile to HelloWorld-Event10.0013.heap (HelloWorld-Event10)
