Starting tracking the heap
Dumping heap profile to HelloWorld-Initialize.0001.heap (HelloWorld-Initialize)
Starting tracking the heap
Dumping heap profile to HelloWorld-Execute-Event1.0002.heap (HelloWorld-Execute-Event1)
Starting tracking the heap
Dumping heap profile to HelloWorld-Execute-Event2.0003.heap (HelloWorld-Execute-Event2)
Starting tracking the heap
Dumping heap profile to HelloWorld-Execute-Event3.0004.heap (HelloWorld-Execute-Event3)
Starting tracking the heap
Dumping heap profile to HelloWorld-Execute-Event4.0005.heap (HelloWorld-Execute-Event4)
Starting tracking the heap
Dumping heap profile to HelloWorld-Execute-Event5.0006.heap (HelloWorld-Execute-Event5)
Starting tracking the heap
Dumping heap profile to HelloWorld-Execute-Event6.0007.heap (HelloWorld-Execute-Event6)
Starting tracking the heap
Dumping heap profile to HelloWorld-Execute-Event7.0008.heap (HelloWorld-Execute-Event7)
Starting tracking the heap
Dumping heap profile to HelloWorld-Execute-Event8.0009.heap (HelloWorld-Execute-Event8)
Starting tracking the heap
Dumping heap profile to HelloWorld-Execute-Event9.0010.heap (HelloWorld-Execute-Event9)
Starting tracking the heap
Dumping heap profile to HelloWorld-Execute-Event10.0011.heap (HelloWorld-Execute-Event10)
Starting tracking the heap
Dumping heap profile to HelloWorld-Finalize.0012.heap (HelloWorld-Finalize)
