# setting LC_ALL to "C"
# --> Including file '/home/marcocle/stacks/master/Gaudi/GaudiTestSuite/options/ControlFlow/AlgSequencer.py'
# --- Configured Control Flow Expression:
# ((((ParentAlg('ParentAlg') >> StopperAlg('StopperAlg')) >> (seq(((Gaudi__TestSuite__Prescaler('Prescaler1') & HelloWorld('HelloWorld')) & Gaudi__TestSuite__EventCounter('Counter1'))) >> seq(((Gaudi__TestSuite__Prescaler('Prescaler2') & HelloWorld('HelloWorld')) & Gaudi__TestSuite__EventCounter('Counter2'))))) >> (HelloWorld('AND') & Gaudi__TestSuite__EventCounter('ANDCounter'))) >> (HelloWorld('OR') | Gaudi__TestSuite__EventCounter('ORCounter')))
# ---
# <-- End of file '/home/marcocle/stacks/master/Gaudi/GaudiTestSuite/options/ControlFlow/AlgSequencer.py'
# applying configuration of GaudiTestSuiteCommonConf
# /***** User GaudiTestSuiteCommonConf/GaudiTestSuiteCommonConf ****************************************
# |-OutputLevel = 3
# |-DummyEvents = -1
# \----- (End of User GaudiTestSuiteCommonConf/GaudiTestSuiteCommonConf) -------------------------------
ApplicationMgr    SUCCESS
====================================================================================================================================
                                                   Welcome to ApplicationMgr (GaudiCoreSvc v36r12)
                                          running on lbbuildinter01.cern.ch on Fri Apr 21 18:49:12 2023
====================================================================================================================================
ApplicationMgr       INFO Application Manager Configured successfully
seq_10               INFO Member list: Gaudi::Sequencer/seq_8, Gaudi::Sequencer/seq_9
seq_8                INFO Member list: Gaudi::Sequencer/seq_6, Gaudi::Sequencer/seq_7
seq_6                INFO Member list: Gaudi::Sequencer/seq_0, Gaudi::Sequencer/seq_5
seq_0                INFO Member list: ParentAlg, StopperAlg
ParentAlg            INFO creating sub-algorithms....
SubAlg1              INFO initializing....
SubAlg2              INFO initializing....
seq_5                INFO Member list: Gaudi::Sequencer/seq_2, Gaudi::Sequencer/seq_4
seq_2                INFO Member list: Gaudi::Sequencer/seq_1, Gaudi::TestSuite::EventCounter/Counter1
seq_1                INFO Member list: Gaudi::TestSuite::Prescaler/Prescaler1, HelloWorld
HelloWorld          DEBUG Property update for OutputLevel : new value = 2
HelloWorld           INFO initializing....
HelloWorld          DEBUG input handles: 0
HelloWorld          DEBUG output handles: 0
HelloWorld          DEBUG Data Deps for HelloWorld
seq_4                INFO Member list: Gaudi::Sequencer/seq_3, Gaudi::TestSuite::EventCounter/Counter2
seq_3                INFO Member list: Gaudi::TestSuite::Prescaler/Prescaler2, HelloWorld
seq_7                INFO Member list: HelloWorld/AND, Gaudi::TestSuite::EventCounter/ANDCounter
AND                  INFO initializing....
seq_9                INFO Member list: HelloWorld/OR, Gaudi::TestSuite::EventCounter/ORCounter
OR                   INFO initializing....
EventLoopMgr         INFO Control Flow Expression:
EventLoopMgr         INFO seq(seq(seq(seq(ParentAlg('ParentAlg') >> StopperAlg('StopperAlg')) >> seq(seq(seq(Gaudi::TestSuite::Prescaler('Prescaler1') & HelloWorld('HelloWorld')) & Gaudi::TestSuite::EventCounter('Counter1')) >> seq(seq(Gaudi::TestSuite::Prescaler('Prescaler2') & HelloWorld('HelloWorld')) & Gaudi::TestSuite::EventCounter('Counter2')))) >> seq(HelloWorld('AND') & Gaudi::TestSuite::EventCounter('ANDCounter'))) >> seq(HelloWorld('OR') | Gaudi::TestSuite::EventCounter('ORCounter')))
EventLoopMgr      WARNING Unable to locate service "EventSelector"
EventLoopMgr      WARNING No events will be processed from external input.
ApplicationMgr       INFO Application Manager Initialized successfully
ApplicationMgr       INFO Application Manager Started successfully
ParentAlg            INFO executing....
SubAlg1              INFO executing....
SubAlg2              INFO executing....
HelloWorld           INFO executing....
AND                  INFO executing....
OR                   INFO executing....
ParentAlg            INFO executing....
SubAlg1              INFO executing....
SubAlg2              INFO executing....
AND                  INFO executing....
OR                   INFO executing....
ParentAlg            INFO executing....
SubAlg1              INFO executing....
SubAlg2              INFO executing....
HelloWorld           INFO executing....
AND                  INFO executing....
OR                   INFO executing....
ParentAlg            INFO executing....
SubAlg1              INFO executing....
SubAlg2              INFO executing....
AND                  INFO executing....
OR                   INFO executing....
ParentAlg            INFO executing....
SubAlg1              INFO executing....
SubAlg2              INFO executing....
HelloWorld           INFO executing....
AND                  INFO executing....
OR                   INFO executing....
ParentAlg            INFO executing....
SubAlg1              INFO executing....
SubAlg2              INFO executing....
AND                  INFO executing....
OR                   INFO executing....
ParentAlg            INFO executing....
SubAlg1              INFO executing....
SubAlg2              INFO executing....
HelloWorld           INFO executing....
AND                  INFO executing....
OR                   INFO executing....
ParentAlg            INFO executing....
SubAlg1              INFO executing....
SubAlg2              INFO executing....
AND                  INFO executing....
OR                   INFO executing....
ParentAlg            INFO executing....
SubAlg1              INFO executing....
SubAlg2              INFO executing....
HelloWorld           INFO executing....
AND                  INFO executing....
OR                   INFO executing....
ParentAlg            INFO executing....
SubAlg1              INFO executing....
SubAlg2              INFO executing....
AND                  INFO executing....
OR                   INFO executing....
ANDCounter           INFO Number of counters : 1
 |    Counter                                      |     #     |    sum     | mean/eff^* | rms/err^*  |     min     |     max     |
 | "count"                                         |        10 |
Counter1             INFO Number of counters : 1
 |    Counter                                      |     #     |    sum     | mean/eff^* | rms/err^*  |     min     |     max     |
 | "count"                                         |         5 |
Counter2             INFO Number of counters : 1
 |    Counter                                      |     #     |    sum     | mean/eff^* | rms/err^*  |     min     |     max     |
 | "count"                                         |         1 |
Prescaler1           INFO Number of counters : 1
 |    Counter                                      |     #     |    sum     | mean/eff^* | rms/err^*  |     min     |     max     |
 |*"passed"                                        |        10 |          5 |( 50.00000 +- 15.81139)% |
Prescaler2           INFO Number of counters : 1
 |    Counter                                      |     #     |    sum     | mean/eff^* | rms/err^*  |     min     |     max     |
 |*"passed"                                        |        10 |          1 |( 10.00000 +- 9.486833)% |
ApplicationMgr       INFO Application Manager Stopped successfully
ParentAlg            INFO finalizing....
SubAlg1              INFO finalizing....
SubAlg2              INFO finalizing....
HelloWorld           INFO finalizing....
AND                  INFO finalizing....
OR                   INFO finalizing....
EventLoopMgr         INFO Histograms converted successfully according to request.
ToolSvc              INFO Removing all tools created by ToolSvc
*****Chrono*****     INFO ****************************************************************************************************
*****Chrono*****     INFO  The Final CPU consumption ( Chrono ) Table (ordered)
*****Chrono*****     INFO ****************************************************************************************************
SubAlg1:Start        INFO Time User   : Tot=    0 [us]  #=  1
HelloWorld:Start     INFO Time User   : Tot=    0 [us]  #=  1
HelloWorld:Stop      INFO Time User   : Tot=    0 [us]  #=  1
SubAlg2:Start        INFO Time User   : Tot=    0 [us]  #=  1
OR:Start             INFO Time User   : Tot=    0 [us]  #=  1
OR:Stop              INFO Time User   : Tot=    0 [us]  #=  1
ORCounter:Finalize   INFO Time User   : Tot=    0 [us]  #=  1
ORCounter:Initi...   INFO Time User   : Tot=    0 [us]  #=  1
ORCounter:Start      INFO Time User   : Tot=    0 [us]  #=  1
ORCounter:Stop       INFO Time User   : Tot=    0 [us]  #=  1
SubAlg1:Stop         INFO Time User   : Tot=    0 [us]  #=  1
SubAlg2:Stop         INFO Time User   : Tot=    0 [us]  #=  1
StopperAlg:Stop      INFO Time User   : Tot=    0 [us]  #=  1
Prescaler1:Fina...   INFO Time User   : Tot=    0 [us]  #=  1
Prescaler1:Start     INFO Time User   : Tot=    0 [us]  #=  1
Prescaler1:Stop      INFO Time User   : Tot=    0 [us]  #=  1
StopperAlg:Start     INFO Time User   : Tot=    0 [us]  #=  1
Prescaler2:Fina...   INFO Time User   : Tot=    0 [us]  #=  1
Prescaler2:Init...   INFO Time User   : Tot=    0 [us]  #=  1
Prescaler2:Stop      INFO Time User   : Tot=    0 [us]  #=  1
StopperAlg:Fina...   INFO Time User   : Tot=    0 [us]  #=  1
Counter1:Start       INFO Time User   : Tot=    0 [us]  #=  1
ANDCounter:Init...   INFO Time User   : Tot=    0 [us]  #=  1
ANDCounter:Start     INFO Time User   : Tot=    0 [us]  #=  1
ANDCounter:Stop      INFO Time User   : Tot=    0 [us]  #=  1
ANDCounter:Fina...   INFO Time User   : Tot=    0 [us]  #=  1
AND:Stop             INFO Time User   : Tot=    0 [us]  #=  1
Counter1:Finalize    INFO Time User   : Tot=    0 [us]  #=  1
Counter1:Initia...   INFO Time User   : Tot=    0 [us]  #=  1
Counter1:Stop        INFO Time User   : Tot=    0 [us]  #=  1
Counter2:Execute     INFO Time User   : Tot=    0 [us]  #=  1
Counter2:Initia...   INFO Time User   : Tot=    0 [us]  #=  1
AND:Start            INFO Time User   : Tot=    0 [us]  #=  1
Counter2:Start       INFO Time User   : Tot=    0 [us]  #=  1
Counter2:Stop        INFO Time User   : Tot=    0 [us]  #=  1
Counter2:Finalize    INFO Time User   : Tot=    0 [us]  #=  1
Prescaler2:Start     INFO Time User   : Tot=    0 [us]  #=  1
StopperAlg:Init...   INFO Time User   : Tot=    0 [us]  #=  1
Prescaler1:Init...   INFO Time User   : Tot=    0 [us]  #=  1
SubAlg2:Finalize     INFO Time User   : Tot=    0 [us]  #=  1
seq_3:Stop           INFO Time User   : Tot=    0 [us]  #=  1
SubAlg1:Finalize     INFO Time User   : Tot=    0 [us]  #=  1
seq_3:Start          INFO Time User   : Tot=    0 [us]  #=  1
HelloWorld:Fina...   INFO Time User   : Tot=    0 [us]  #=  1
OR:Finalize          INFO Time User   : Tot=    0 [us]  #=  1
seq_7:Stop           INFO Time User   : Tot=    0 [us]  #=  1
seq_7:Start          INFO Time User   : Tot=    0 [us]  #=  1
AND:Finalize         INFO Time User   : Tot=    0 [us]  #=  1
ParentAlg:Stop       INFO Time User   : Tot=    0 [us]  #=  1
seq_9:Start          INFO Time User   : Tot=    0 [us]  #=  1
seq_1:Start          INFO Time User   : Tot=    0 [us]  #=  1
seq_9:Stop           INFO Time User   : Tot=    0 [us]  #=  1
ParentAlg:Start      INFO Time User   : Tot=    0 [us]  #=  1
seq_4:Stop           INFO Time User   : Tot=    0 [us]  #=  1
seq_4:Start          INFO Time User   : Tot=    0 [us]  #=  1
seq_1:Stop           INFO Time User   : Tot=    0 [us]  #=  1
seq_0:Stop           INFO Time User   : Tot=    0 [us]  #=  1
seq_0:Start          INFO Time User   : Tot=    0 [us]  #=  1
seq_2:Start          INFO Time User   : Tot=    0 [us]  #=  1
seq_2:Stop           INFO Time User   : Tot=    0 [us]  #=  1
SubAlg2:Initialize   INFO Time User   : Tot=    0 [us]  #=  1
seq_3:Finalize       INFO Time User   : Tot=    0 [us]  #=  1
OR:Initialize        INFO Time User   : Tot=    0 [us]  #=  1
SubAlg1:Initialize   INFO Time User   : Tot=    0 [us]  #=  1
AND:Initialize       INFO Time User   : Tot=    0 [us]  #=  1
seq_7:Finalize       INFO Time User   : Tot=    0 [us]  #=  1
seq_9:Finalize       INFO Time User   : Tot=    0 [us]  #=  1
seq_5:Stop           INFO Time User   : Tot=    0 [us]  #=  1
seq_5:Start          INFO Time User   : Tot=    0 [us]  #=  1
seq_4:Finalize       INFO Time User   : Tot=    0 [us]  #=  1
HelloWorld:Init...   INFO Time User   : Tot=    0 [us]  #=  1
seq_6:Stop           INFO Time User   : Tot=    0 [us]  #=  1
seq_6:Start          INFO Time User   : Tot=    0 [us]  #=  1
ParentAlg:Finalize   INFO Time User   : Tot=    0 [us]  #=  1
seq_8:Stop           INFO Time User   : Tot=    0 [us]  #=  1
seq_8:Start          INFO Time User   : Tot=    0 [us]  #=  1
seq_10:Stop          INFO Time User   : Tot=    0 [us]  #=  1
seq_10:Start         INFO Time User   : Tot=    0 [us]  #=  1
seq_0:Finalize       INFO Time User   : Tot=    0 [us]  #=  1
seq_1:Finalize       INFO Time User   : Tot=    0 [us]  #=  1
seq_2:Finalize       INFO Time User   : Tot=    0 [us]  #=  1
seq_5:Finalize       INFO Time User   : Tot=    0 [us]  #=  1
seq_3:Initialize     INFO Time User   : Tot=    0 [us]  #=  1
seq_6:Finalize       INFO Time User   : Tot=    0 [us]  #=  1
seq_7:Initialize     INFO Time User   : Tot=    0 [us]  #=  1
seq_8:Finalize       INFO Time User   : Tot=    0 [us]  #=  1
seq_9:Initialize     INFO Time User   : Tot=    0 [us]  #=  1
seq_10:Finalize      INFO Time User   : Tot=    0 [us]  #=  1
ParentAlg:Initi...   INFO Time User   : Tot=    0 [us]  #=  1
seq_1:Initialize     INFO Time User   : Tot=    0 [us]  #=  1
seq_4:Initialize     INFO Time User   : Tot=    0 [us]  #=  1
seq_2:Initialize     INFO Time User   : Tot=    0 [us]  #=  1
seq_5:Initialize     INFO Time User   : Tot=    0 [us]  #=  1
Counter1:Execute     INFO Time User   : Tot=    0 [us] Ave/Min/Max=       0(+-       0)/       0/       0 [us] #=  5
HelloWorld:Execute   INFO Time User   : Tot=    0 [us] Ave/Min/Max=       0(+-       0)/       0/       0 [us] #=  5
Prescaler2:Execute   INFO Time User   : Tot=    0 [us] Ave/Min/Max=       0(+-       0)/       0/       0 [us] #= 10
StopperAlg:Execute   INFO Time User   : Tot=    0 [us] Ave/Min/Max=       0(+-       0)/       0/       0 [us] #= 10
ANDCounter:Execute   INFO Time User   : Tot=    0 [us] Ave/Min/Max=       0(+-       0)/       0/       0 [us] #= 10
Prescaler1:Execute   INFO Time User   : Tot=    0 [us] Ave/Min/Max=       0(+-       0)/       0/       0 [us] #= 10
SubAlg2:Execute      INFO Time User   : Tot=    0 [us] Ave/Min/Max=       0(+-       0)/       0/       0 [us] #= 10
AND:Execute          INFO Time User   : Tot=    0 [us] Ave/Min/Max=       0(+-       0)/       0/       0 [us] #= 10
OR:Execute           INFO Time User   : Tot=    0 [us] Ave/Min/Max=       0(+-       0)/       0/       0 [us] #= 10
SubAlg1:Execute      INFO Time User   : Tot=    0 [us] Ave/Min/Max=       0(+-       0)/       0/       0 [us] #= 10
seq_3:Execute        INFO Time User   : Tot=    0 [us] Ave/Min/Max=       0(+-       0)/       0/       0 [us] #= 10
seq_9:Execute        INFO Time User   : Tot=    0 [us] Ave/Min/Max=       0(+-       0)/       0/       0 [us] #= 10
seq_1:Execute        INFO Time User   : Tot=    0 [us] Ave/Min/Max=       0(+-       0)/       0/       0 [us] #= 10
seq_4:Execute        INFO Time User   : Tot=    0 [us] Ave/Min/Max=       0(+-       0)/       0/       0 [us] #= 10
seq_7:Execute        INFO Time User   : Tot=    0 [us] Ave/Min/Max=       0(+-       0)/       0/       0 [us] #= 10
seq_2:Execute        INFO Time User   : Tot=    0 [us] Ave/Min/Max=       0(+-       0)/       0/       0 [us] #= 10
ParentAlg:Execute    INFO Time User   : Tot=    0 [us] Ave/Min/Max=       0(+-       0)/       0/       0 [us] #= 10
seq_0:Execute        INFO Time User   : Tot=    0 [us] Ave/Min/Max=       0(+-       0)/       0/       0 [us] #= 10
seq_5:Execute        INFO Time User   : Tot=    0 [us] Ave/Min/Max=       0(+-       0)/       0/       0 [us] #= 10
seq_6:Execute        INFO Time User   : Tot=    0 [us] Ave/Min/Max=       0(+-       0)/       0/       0 [us] #= 10
seq_8:Execute        INFO Time User   : Tot=    0 [us] Ave/Min/Max=       0(+-       0)/       0/       0 [us] #= 10
seq_10:Execute       INFO Time User   : Tot=    0 [us] Ave/Min/Max=       0(+-       0)/       0/       0 [us] #= 10
seq_0:Initialize     INFO Time User   : Tot=  140 [ms]  #=  1
seq_6:Initialize     INFO Time User   : Tot=  140 [ms]  #=  1
seq_8:Initialize     INFO Time User   : Tot=  140 [ms]  #=  1
seq_10:Initialize    INFO Time User   : Tot=  140 [ms]  #=  1
ChronoStatSvc        INFO Time User   : Tot=  150 [ms]  #=  1
*****Chrono*****     INFO ****************************************************************************************************
ChronoStatSvc.f...   INFO  Service finalized successfully
TIMER                INFO -------------------------------------------------------------------
TIMER                INFO Algorithm                      | exec (ms) |   count   | total (s)
TIMER                INFO -------------------------------------------------------------------
TIMER                INFO seq_10                         |   0.08812 |        10 | 0.0008812
TIMER                INFO  seq_8                         |   0.07443 |        10 | 0.0007443
TIMER                INFO   seq_6                        |   0.05825 |        10 | 0.0005825
TIMER                INFO    seq_0                       |   0.02413 |        10 | 0.0002413
TIMER                INFO     ParentAlg                  |   0.01714 |        10 | 0.0001714
TIMER                INFO      SubAlg1                   |  0.004275 |        10 | 4.275e-05
TIMER                INFO      SubAlg2                   |  0.003784 |        10 | 3.784e-05
TIMER                INFO     StopperAlg                 |  0.001317 |        10 | 1.317e-05
TIMER                INFO    seq_5                       |   0.02875 |        10 | 0.0002875
TIMER                INFO     seq_2                      |   0.01441 |        10 | 0.0001441
TIMER                INFO      seq_1                     |  0.008704 |        10 | 8.704e-05
TIMER                INFO       Prescaler1               |  0.001764 |        10 | 1.764e-05
TIMER                INFO       HelloWorld               |  0.004186 |         5 | 2.093e-05
TIMER                INFO      Counter1                  |  0.002424 |         5 | 1.212e-05
TIMER                INFO     seq_4                      |   0.00887 |        10 |  8.87e-05
TIMER                INFO      seq_3                     |  0.004965 |        10 | 4.965e-05
TIMER                INFO       Prescaler2               |  0.001275 |        10 | 1.275e-05
TIMER                INFO      Counter2                  |   0.00148 |         1 |  1.48e-06
TIMER                INFO   seq_7                        |   0.01073 |        10 | 0.0001073
TIMER                INFO    AND                         |  0.004045 |        10 | 4.045e-05
TIMER                INFO    ANDCounter                  |  0.001221 |        10 | 1.221e-05
TIMER                INFO  seq_9                         |  0.007801 |        10 | 7.801e-05
TIMER                INFO   OR                           |  0.003919 |        10 | 3.919e-05
TIMER                INFO   ORCounter                    |         0 |         0 |         0
TIMER                INFO -------------------------------------------------------------------
ApplicationMgr       INFO Application Manager Finalized successfully
ApplicationMgr       INFO Application Manager Terminated successfully
